level=info msg="Using bundle path /home/openshift/.crc/cache/crc_libvirt_4.21.8_amd64.crcbundle"
level=info msg="Checking if running as non-root"
level=info msg="Checking if running inside WSL2"
level=info msg="Checking if crc-admin-helper executable is cached"
level=info msg="Checking if running on a supported CPU architecture"
level=info msg="Checking if crc executable symlink exists"
level=info msg="Checking minimum RAM requirements"
level=info msg="Checking if Virtualization is enabled"
level=info msg="Checking if KVM is enabled"
level=info msg="Checking if libvirt is installed"
level=info msg="Checking if user is part of libvirt group"
level=info msg="Checking if active user/process is currently part of the libvirt group"
level=info msg="Checking if libvirt daemon is running"
level=info msg="Checking if a supported libvirt version is installed"
level=info msg="Checking if crc-driver-libvirt is installed"
level=info msg="Checking crc daemon systemd socket units"
level=info msg="Checking if vsock is correctly configured"
level=info msg="Loading bundle: crc_libvirt_4.21.8_amd64..."
level=info msg="Creating CRC VM for OpenShift 4.21.8..."
level=info msg="Generating new SSH key pair..."
level=info msg="Generating new password for the kubeadmin user"
level=info msg="Starting CRC VM for openshift 4.21.8..."
level=info msg="CRC instance is running with IP 127.0.0.1"
level=info msg="CRC VM is running"
level=info msg="Updating authorized keys..."
level=info msg="Configuring shared directories"
level=info msg="Check internal and public DNS query..."
level=info msg="Check DNS query from host..."
level=info msg="Verifying validity of the kubelet certificates..."
level=info msg="Starting kubelet service"
level=info msg="Waiting for kube-apiserver availability... [takes around 2min]"
level=info msg="Adding user's pull secret to the cluster..."
level=info msg="Updating SSH key to machine config resource..."
level=info msg="Overriding password for developer user"
level=info msg="Changing the password for the users"
level=info msg="Updating cluster ID..."
level=info msg="Updating root CA cert to admin-kubeconfig-client-ca configmap..."
level=info msg="Starting openshift instance... [waiting for the cluster to stabilize]"
level=info msg="9 operators are progressing: console, dns, image-registry, ingress, kube-storage-version-migrator, ..."
level=info msg="9 operators are progressing: console, dns, image-registry, ingress, kube-storage-version-migrator, ..."
level=info msg="9 operators are progressing: console, dns, image-registry, ingress, kube-storage-version-migrator, ..."
level=info msg="9 operators are progressing: console, dns, image-registry, ingress, kube-storage-version-migrator, ..."
level=info msg="5 operators are progressing: console, dns, image-registry, ingress, openshift-controller-manager"
level=info msg="3 operators are progressing: authentication, console, openshift-controller-manager"
level=info msg="4 operators are progressing: authentication, kube-apiserver, network, openshift-controller-manager"
level=info msg="Operator kube-apiserver is progressing"
level=info msg="Operator kube-apiserver is progressing"
level=info msg="2 operators are progressing: authentication, kube-apiserver"
level=info msg="2 operators are progressing: authentication, kube-apiserver"
level=info msg="2 operators are progressing: authentication, kube-apiserver"
level=info msg="Operator kube-apiserver is progressing"
level=info msg="All operators are available. Ensuring stability..."
level=info msg="Operators are stable (2/3)..."
level=info msg="Operators are stable (3/3)..."
level=info msg="Waiting until the user's pull secret is written to the instance disk..."
level=info msg="Adding crc-admin and crc-developer contexts to kubeconfig..."
The default lines below are for a sh/bash shell, you can specify the shell you're using, with the --shell flag.

Started the OpenShift cluster.

The server is accessible via web console at:
  https://console-openshift-console.apps-crc.testing

Log in as administrator:
  Username: kubeadmin
  Password: RJwKi-BHTbm-XpEZZ-IPkbh

Log in as user:
  Username: developer
  Password: developer

Use the 'oc' command line interface:
  $ eval $(crc oc-env)
  $ oc login -u developer https://api.crc.testing:6443
